******************************************************************************
                  MSP430 Linker PC v16.9.7                     
******************************************************************************
>> Linked Wed May 08 17:31:00 2019

OUTPUT FILE NAME:   <radiotest.out>
ENTRY POINT SYMBOL: "_c_int00_noargs_noexit"  address: 000045e4


MEMORY CONFIGURATION

         name            origin    length      used     unused   attr    fill
----------------------  --------  ---------  --------  --------  ----  --------
  SFR                   00000000   00000010  00000000  00000010  RWIX
  PERIPHERALS_8BIT      00000010   000000f0  00000000  000000f0  RWIX
  PERIPHERALS_16BIT     00000100   00000100  00000000  00000100  RWIX
  INFOD                 00001800   00000080  00000000  00000080  RWIX
  INFOC                 00001880   00000080  00000000  00000080  RWIX
  INFOB                 00001900   00000080  00000000  00000080  RWIX
  INFOA                 00001980   00000080  00000000  00000080  RWIX
  USBRAM                00001c00   00000800  00000000  00000800  RWIX
  RAM                   00002400   00002000  00001a5a  000005a6  RWIX
  FLASH                 00004400   0000bb80  0000024c  0000b934  RWIX
  INT00                 0000ff80   00000002  00000000  00000002  RWIX
  INT01                 0000ff82   00000002  00000000  00000002  RWIX
  INT02                 0000ff84   00000002  00000000  00000002  RWIX
  INT03                 0000ff86   00000002  00000000  00000002  RWIX
  INT04                 0000ff88   00000002  00000000  00000002  RWIX
  INT05                 0000ff8a   00000002  00000000  00000002  RWIX
  INT06                 0000ff8c   00000002  00000000  00000002  RWIX
  INT07                 0000ff8e   00000002  00000000  00000002  RWIX
  INT08                 0000ff90   00000002  00000000  00000002  RWIX
  INT09                 0000ff92   00000002  00000000  00000002  RWIX
  INT10                 0000ff94   00000002  00000000  00000002  RWIX
  INT11                 0000ff96   00000002  00000000  00000002  RWIX
  INT12                 0000ff98   00000002  00000000  00000002  RWIX
  INT13                 0000ff9a   00000002  00000000  00000002  RWIX
  INT14                 0000ff9c   00000002  00000000  00000002  RWIX
  INT15                 0000ff9e   00000002  00000000  00000002  RWIX
  INT16                 0000ffa0   00000002  00000000  00000002  RWIX
  INT17                 0000ffa2   00000002  00000000  00000002  RWIX
  INT18                 0000ffa4   00000002  00000000  00000002  RWIX
  INT19                 0000ffa6   00000002  00000000  00000002  RWIX
  INT20                 0000ffa8   00000002  00000000  00000002  RWIX
  INT21                 0000ffaa   00000002  00000000  00000002  RWIX
  INT22                 0000ffac   00000002  00000000  00000002  RWIX
  INT23                 0000ffae   00000002  00000000  00000002  RWIX
  INT24                 0000ffb0   00000002  00000000  00000002  RWIX
  INT25                 0000ffb2   00000002  00000000  00000002  RWIX
  INT26                 0000ffb4   00000002  00000000  00000002  RWIX
  INT27                 0000ffb6   00000002  00000000  00000002  RWIX
  INT28                 0000ffb8   00000002  00000000  00000002  RWIX
  INT29                 0000ffba   00000002  00000000  00000002  RWIX
  INT30                 0000ffbc   00000002  00000000  00000002  RWIX
  INT31                 0000ffbe   00000002  00000000  00000002  RWIX
  INT32                 0000ffc0   00000002  00000000  00000002  RWIX
  INT33                 0000ffc2   00000002  00000000  00000002  RWIX
  INT34                 0000ffc4   00000002  00000000  00000002  RWIX
  INT35                 0000ffc6   00000002  00000000  00000002  RWIX
  INT36                 0000ffc8   00000002  00000000  00000002  RWIX
  INT37                 0000ffca   00000002  00000000  00000002  RWIX
  INT38                 0000ffcc   00000002  00000000  00000002  RWIX
  INT39                 0000ffce   00000002  00000000  00000002  RWIX
  INT40                 0000ffd0   00000002  00000000  00000002  RWIX
  INT41                 0000ffd2   00000002  00000002  00000000  RWIX
  INT42                 0000ffd4   00000002  00000002  00000000  RWIX
  INT43                 0000ffd6   00000002  00000002  00000000  RWIX
  INT44                 0000ffd8   00000002  00000002  00000000  RWIX
  INT45                 0000ffda   00000002  00000002  00000000  RWIX
  INT46                 0000ffdc   00000002  00000002  00000000  RWIX
  INT47                 0000ffde   00000002  00000002  00000000  RWIX
  INT48                 0000ffe0   00000002  00000002  00000000  RWIX
  INT49                 0000ffe2   00000002  00000002  00000000  RWIX
  INT50                 0000ffe4   00000002  00000002  00000000  RWIX
  INT51                 0000ffe6   00000002  00000002  00000000  RWIX
  INT52                 0000ffe8   00000002  00000002  00000000  RWIX
  INT53                 0000ffea   00000002  00000002  00000000  RWIX
  INT54                 0000ffec   00000002  00000002  00000000  RWIX
  INT55                 0000ffee   00000002  00000002  00000000  RWIX
  INT56                 0000fff0   00000002  00000002  00000000  RWIX
  INT57                 0000fff2   00000002  00000002  00000000  RWIX
  INT58                 0000fff4   00000002  00000002  00000000  RWIX
  INT59                 0000fff6   00000002  00000002  00000000  RWIX
  INT60                 0000fff8   00000002  00000002  00000000  RWIX
  INT61                 0000fffa   00000002  00000002  00000000  RWIX
  INT62                 0000fffc   00000002  00000002  00000000  RWIX
  RESET                 0000fffe   00000002  00000002  00000000  RWIX
  FLASH2                00010000   00014400  00002f4a  000114b6  RWIX


SECTION ALLOCATION MAP

 output                                  attributes/
section   page    origin      length       input sections
--------  ----  ----------  ----------   ----------------
.bss       0    00002400    000019ac     UNINITIALIZED
                  00002400    000007d0     (.common:mag1_1000)
                  00002bd0    000007d0     (.common:mag2_1000)
                  000033a0    000007d0     (.common:z_acclmtr)
                  00003b70    000000c8     (.common:mag_rcnt_1)
                  00003c38    000000c8     (.common:mag_rcnt_2)
                  00003d00    0000000e     (.common:buf_r)
                  00003d0e    0000000e     (.common:buf_s)
                  00003d1c    00000006     (.common:RXData_s1)
                  00003d22    00000006     (.common:RXData_s2)
                  00003d28    00000006     (.common:addr_rx)
                  00003d2e    00000006     (.common:addr_tx)
                  00003d34    00000004     (.common:PRXData_s1)
                  00003d38    00000004     (.common:PRXData_s2)
                  00003d3c    00000004     (.common:Pacclmtr_data)
                  00003d40    00000004     (.common:dist_betwn_snsrs)
                  00003d44    00000004     (.common:length)
                  00003d48    00000004     (.common:length_th)
                  00003d4c    00000004     (.common:sampling_rate)
                  00003d50    00000004     (.common:speed)
                  00003d54    00000004     (.common:speed1)
                  00003d58    00000004     (.common:speed_th)
                  00003d5c    00000004     (.common:xcorr_result)
                  00003d60    00000002     (.common:acclmtr_data)
                  00003d62    00000002     (.common:count1)
                  00003d64    00000002     (.common:count11)
                  00003d66    00000002     (.common:count12)
                  00003d68    00000002     (.common:count2)
                  00003d6a    00000002     (.common:count3)
                  00003d6c    00000002     (.common:count4)
                  00003d6e    00000002     (.common:count8)
                  00003d70    00000002     (.common:count9)
                  00003d72    00000002     (.common:distance)
                  00003d74    00000002     (.common:i)
                  00003d76    00000002     (.common:ice_present_flag)
                  00003d78    00000002     (.common:ii)
                  00003d7a    00000002     (.common:lag)
                  00003d7c    00000002     (.common:length_int)
                  00003d7e    00000002     (.common:mag1)
                  00003d80    00000002     (.common:mag2)
                  00003d82    00000002     (.common:mag_th_1)
                  00003d84    00000002     (.common:mag_th_2)
                  00003d86    00000002     (.common:sensor_select)
                  00003d88    00000002     (.common:size)
                  00003d8a    00000002     (.common:speed_int)
                  00003d8c    00000002     (.common:store_1000_flag)
                  00003d8e    00000002     (.common:temp_id)
                  00003d90    00000002     (.common:user)
                  00003d92    00000002     (.common:x1)
                  00003d94    00000002     (.common:x2)
                  00003d96    00000002     (.common:y1)
                  00003d98    00000002     (.common:y2)
                  00003d9a    00000002     (.common:z1)
                  00003d9c    00000002     (.common:z2)
                  00003d9e    00000001     (.common:UART_byte)
                  00003d9f    00000001     (.common:UART_sensor_flag)
                  00003da0    00000001     (.common:acclmtr_config_flag)
                  00003da1    00000001     (.common:i_acclmtr)
                  00003da2    00000001     (.common:j)
                  00003da3    00000001     (.common:mag2_dtct_flag)
                  00003da4    00000001     (.common:rcvd_msg_flag)
                  00003da5    00000001     (.common:rf_addr_width)
                  00003da6    00000001     (.common:rf_channel)
                  00003da7    00000001     (.common:rf_crc)
                  00003da8    00000001     (.common:rf_feature)
                  00003da9    00000001     (.common:rf_irq)
                  00003daa    00000001     (.common:rf_speed_power)
                  00003dab    00000001     (.common:rf_status)

.data      0    00003dac    0000000e     UNINITIALIZED
                  00003dac    0000000c     main.obj (.data)
                  00003db8    00000002     rts430x_lc_rd_eabi.lib : errno.obj (.data)

.stack     0    00004360    000000a0     UNINITIALIZED
                  00004360    00000004     rts430x_lc_rd_eabi.lib : boot.obj (.stack)
                  00004364    0000009c     --HOLE--

.text:_isr 
*          0    00004400    0000021e     
                  00004400    000000bc     main.obj (.text:_isr:USCI_A1_ISR)
                  000044bc    0000007c     main.obj (.text:_isr:USCI_B0_ISR)
                  00004538    0000004a     main.obj (.text:_isr:ADC12ISR)
                  00004582    0000003c     main.obj (.text:_isr:USCI_B1_ISR)
                  000045be    00000026     main.obj (.text:_isr:Port_1)
                  000045e4    0000001a     rts430x_lc_rd_eabi.lib : boot_special.obj (.text:_isr:_c_int00_noargs_noexit)
                  000045fe    00000018     msprf24.obj (.text:_isr:P2_IRQ)
                  00004616    00000008     rts430x_lc_rd_eabi.lib : isr_trap.obj (.text:_isr:__TI_ISR_TRAP)

.cinit     0    0000461e    0000002e     
                  0000461e    0000000c     (__TI_handler_table)
                  0000462a    0000000b     (.cinit..data.load) [load image, compression = lzss]
                  00004635    00000001     --HOLE-- [fill = 0]
                  00004636    00000006     (.cinit..bss.load) [load image, compression = zero_init]
                  0000463c    00000010     (__TI_cinit_table)

.binit     0    00004400    00000000     

.init_array 
*          0    00004400    00000000     UNINITIALIZED

RTC        0    0000ffd2    00000002     
                  0000ffd2    00000002     rts430x_lc_rd_eabi.lib : int41.obj (.int41)

PORT2      0    0000ffd4    00000002     
                  0000ffd4    00000002     msprf24.obj (.int42)

TIMER2_A1 
*          0    0000ffd6    00000002     
                  0000ffd6    00000002     rts430x_lc_rd_eabi.lib : int43.obj (.int43)

TIMER2_A0 
*          0    0000ffd8    00000002     
                  0000ffd8    00000002     rts430x_lc_rd_eabi.lib : int44.obj (.int44)

USCI_B1    0    0000ffda    00000002     
                  0000ffda    00000002     main.obj (.int45)

USCI_A1    0    0000ffdc    00000002     
                  0000ffdc    00000002     main.obj (.int46)

PORT1      0    0000ffde    00000002     
                  0000ffde    00000002     main.obj (.int47)

TIMER1_A1 
*          0    0000ffe0    00000002     
                  0000ffe0    00000002     rts430x_lc_rd_eabi.lib : int48.obj (.int48)

TIMER1_A0 
*          0    0000ffe2    00000002     
                  0000ffe2    00000002     rts430x_lc_rd_eabi.lib : int49.obj (.int49)

DMA        0    0000ffe4    00000002     
                  0000ffe4    00000002     rts430x_lc_rd_eabi.lib : int50.obj (.int50)

USB_UBM    0    0000ffe6    00000002     
                  0000ffe6    00000002     rts430x_lc_rd_eabi.lib : int51.obj (.int51)

TIMER0_A1 
*          0    0000ffe8    00000002     
                  0000ffe8    00000002     rts430x_lc_rd_eabi.lib : int52.obj (.int52)

TIMER0_A0 
*          0    0000ffea    00000002     
                  0000ffea    00000002     rts430x_lc_rd_eabi.lib : int53.obj (.int53)

ADC12      0    0000ffec    00000002     
                  0000ffec    00000002     main.obj (.int54)

USCI_B0    0    0000ffee    00000002     
                  0000ffee    00000002     main.obj (.int55)

USCI_A0    0    0000fff0    00000002     
                  0000fff0    00000002     rts430x_lc_rd_eabi.lib : int56.obj (.int56)

WDT        0    0000fff2    00000002     
                  0000fff2    00000002     rts430x_lc_rd_eabi.lib : int57.obj (.int57)

TIMER0_B1 
*          0    0000fff4    00000002     
                  0000fff4    00000002     rts430x_lc_rd_eabi.lib : int58.obj (.int58)

TIMER0_B0 
*          0    0000fff6    00000002     
                  0000fff6    00000002     rts430x_lc_rd_eabi.lib : int59.obj (.int59)

COMP_B     0    0000fff8    00000002     
                  0000fff8    00000002     rts430x_lc_rd_eabi.lib : int60.obj (.int60)

UNMI       0    0000fffa    00000002     
                  0000fffa    00000002     rts430x_lc_rd_eabi.lib : int61.obj (.int61)

SYSNMI     0    0000fffc    00000002     
                  0000fffc    00000002     rts430x_lc_rd_eabi.lib : int62.obj (.int62)

.reset     0    0000fffe    00000002     
                  0000fffe    00000002     rts430x_lc_rd_eabi.lib : boot.obj (.reset)

.text      0    00010000    00002f4a     
                  00010000    00000794     main.obj (.text:main)
                  00010794    00000478     rts430x_lc_rd_eabi.lib : frcdivd.obj (.text:__TI_frcdivd)
                  00010c0c    000002e8                            : e_sqrt.obj (.text:sqrt)
                  00010ef4    000002d8                            : addd.obj (.text:__mspabi_addd)
                  000111cc    00000286                            : frcmpyd.obj (.text:__TI_frcmpyd)
                  00011452    00000282                            : mpyd.obj (.text:__mspabi_mpyd)
                  000116d4    00000252                            : frcaddd.obj (.text:__TI_frcaddd)
                  00011926    00000222                            : divd.obj (.text:__mspabi_divd)
                  00011b48    000000c2     main.obj (.text:spi_com1)
                  00011c0a    000000c2     main.obj (.text:spi_com2)
                  00011ccc    000000b8     rts430x_lc_rd_eabi.lib : fs_mpy.obj (.text)
                  00011d84    000000b2                            : renormd.obj (.text:__TI_renormd)
                  00011e36    0000009e                            : fltlid.obj (.text:__mspabi_fltlid)
                  00011ed4    00000096     msprf24.obj (.text:msprf24_init)
                  00011f6a    00000090     rts430x_lc_rd_eabi.lib : fs_div.obj (.text)
                  00011ffa    0000008c                            : cvtdf.obj (.text:__mspabi_cvtdf)
                  00012086    00000088     main.obj (.text:radio_setup)
                  0001210e    00000082     rts430x_lc_rd_eabi.lib : autoinit_wdt.obj (.text:_auto_init_hold_wdt)
                  00012190    00000080                            : fltuld.obj (.text:__mspabi_fltuld)
                  00012210    0000007a     msprf24.obj (.text:r_rx_payload)
                  0001228a    00000076     rts430x_lc_rd_eabi.lib : copy_decompress_lzss.obj (.text:decompress:lzss:__TI_decompress_lzss)
                  00012300    00000074     main.obj (.text:acclmtr_config)
                  00012374    0000006e     rts430x_lc_rd_eabi.lib : cvtfd.obj (.text:__mspabi_cvtfd)
                  000123e2    00000068                            : fixdul.obj (.text:__mspabi_fixdul)
                  0001244a    00000068     msprf24.obj (.text:msprf24_set_pipe_packetsize)
                  000124b2    00000068     msprf24.obj (.text:w_tx_payload)
                  0001251a    00000066     rts430x_lc_rd_eabi.lib : fixdli.obj (.text:__mspabi_fixdli)
                  00012580    00000064                            : cpy_tbl.obj (.text:copy_in)
                  000125e4    00000060     msprf24.obj (.text:msprf24_set_retransmit_delay)
                  00012644    0000005e     msprf24.obj (.text:w_rx_addr)
                  000126a2    0000005a     msprf24.obj (.text:msprf24_current_state)
                  000126fc    00000056     msprf24.obj (.text:msprf24_open_pipe)
                  00012752    00000050     msprf24.obj (.text:msprf24_irq_clear)
                  000127a2    0000004a     rts430x_lc_rd_eabi.lib : fs_cmp.obj (.text)
                  000127ec    00000046                            : fs_tou.obj (.text)
                  00012832    00000042     main.obj (.text:rcv_msg)
                  00012874    00000042     main.obj (.text:send_msg)
                  000128b6    00000042     main.obj (.text:spi_com_acclmtr)
                  000128f8    0000003e     rts430x_lc_rd_eabi.lib : asr32.obj (.text:l_asr_const)
                  00012936    0000003e                            : lsl32.obj (.text:l_lsl_const)
                  00012974    0000003e                            : lsr32.obj (.text:l_lsr_const)
                  000129b2    0000003a     main.obj (.text:spi_setup)
                  000129ec    0000003a     msp430_spi.obj (.text:spi_transfer16)
                  00012a26    0000003a     msprf24.obj (.text:w_tx_addr)
                  00012a60    00000036     rts430x_lc_rd_eabi.lib : fs_itof.obj (.text)
                  00012a96    0000002e     msprf24.obj (.text:msprf24_get_irq_reason)
                  00012ac4    0000002e     msprf24.obj (.text:msprf24_set_speed_power)
                  00012af2    0000002c     msprf24.obj (.text:msprf24_standby)
                  00012b1e    0000002c     rts430x_lc_rd_eabi.lib : div16s.obj (.text)
                  00012b4a    0000002a     msp430_spi.obj (.text:spi_init)
                  00012b74    00000028     rts430x_lc_rd_eabi.lib : fixdi.obj (.text:__mspabi_fixdi)
                  00012b9c    00000028     msprf24.obj (.text:msprf24_set_config)
                  00012bc4    00000026     msprf24.obj (.text:msprf24_rx_pending)
                  00012bea    00000026     msprf24.obj (.text:r_reg)
                  00012c10    00000026     msprf24.obj (.text:w_reg)
                  00012c36    00000024     main.obj (.text:clock_setup)
                  00012c5a    00000024     rts430x_lc_rd_eabi.lib : copy_zero_init.obj (.text:decompress:ZI:__TI_zero_init)
                  00012c7e    00000024     msprf24.obj (.text:msprf24_set_address_width)
                  00012ca2    00000024     rts430x_lc_rd_eabi.lib : mult32_f5hw.obj (.text)
                  00012cc6    00000024     main.obj (.text:spi_setup_acclmtr)
                  00012cea    00000022     msprf24.obj (.text:msprf24_activate_rx)
                  00012d0c    00000022     msprf24.obj (.text:msprf24_enable_feature)
                  00012d2e    00000022     msprf24.obj (.text:msprf24_set_retransmit_count)
                  00012d50    00000020     main.obj (.text:UART_setup)
                  00012d70    0000001e     msprf24.obj (.text:msprf24_set_channel)
                  00012d8e    0000001c     msprf24.obj (.text:msprf24_close_pipe_all)
                  00012daa    0000001c     msprf24.obj (.text:msprf24_is_alive)
                  00012dc6    0000001a     main.obj (.text:ADC_setup)
                  00012de0    00000018     msprf24.obj (.text:msprf24_powerdown)
                  00012df8    00000018     msprf24.obj (.text:pulse_ce)
                  00012e10    00000018     rts430x_lc_rd_eabi.lib : mult16_f5hw.obj (.text)
                  00012e28    00000016     msprf24.obj (.text:flush_rx)
                  00012e3e    00000016     msprf24.obj (.text:flush_tx)
                  00012e54    00000016     msprf24.obj (.text:msprf24_activate_tx)
                  00012e6a    00000016     rts430x_lc_rd_eabi.lib : div16u.obj (.text)
                  00012e80    00000014                            : memcpy.obj (.text:memcpy)
                  00012e94    00000012                            : fixdu.obj (.text:__mspabi_fixdu)
                  00012ea6    00000012     main.obj (.text:activate_rx_mode)
                  00012eb8    00000012     rts430x_lc_rd_eabi.lib : copy_decompress_none.obj (.text:decompress:none:__TI_decompress_none)
                  00012eca    00000010                            : asr32.obj (.text:l_asr)
                  00012eda    00000010                            : lsl32.obj (.text:l_lsl)
                  00012eea    00000010                            : lsr32.obj (.text:l_lsr)
                  00012efa    00000010     msp430_spi.obj (.text:spi_transfer)
                  00012f0a    0000000e     msprf24.obj (.text:msprf24_get_last_retransmits)
                  00012f18    0000000c     rts430x_lc_rd_eabi.lib : fltid.obj (.text:__mspabi_fltid)
                  00012f24    0000000a     msprf24.obj (.text:msprf24_queue_state)
                  00012f2e    0000000a     rts430x_lc_rd_eabi.lib : lsl16.obj (.text)
                  00012f38    00000006                            : fltud.obj (.text:__mspabi_fltud)
                  00012f3e    00000006                            : exit.obj (.text:abort)
                  00012f44    00000004                            : pre_init.obj (.text:_system_pre_init)
                  00012f48    00000002                            : startup.obj (.text:_system_post_cinit)

MODULE SUMMARY

       Module                     code    ro data   rw data
       ------                     ----    -------   -------
    .\
       main.obj                   3468    10        6577   
       msprf24.obj                1660    2         7      
       msp430_spi.obj             116     0         0      
    +--+--------------------------+-------+---------+---------+
       Total:                     5244    12        6584   
                                                           
    C:\ti\ccsv7\tools\compiler\ti-cgt-msp430_16.9.7.LTS\lib\rts430x_lc_rd_eabi.lib
       frcdivd.obj                1144    0         0      
       e_sqrt.obj                 744     0         0      
       addd.obj                   728     0         0      
       frcmpyd.obj                646     0         0      
       mpyd.obj                   642     0         0      
       frcaddd.obj                594     0         0      
       divd.obj                   546     0         0      
       fs_mpy.obj                 184     0         0      
       renormd.obj                178     0         0      
       fltlid.obj                 158     0         0      
       fs_div.obj                 144     0         0      
       cvtdf.obj                  140     0         0      
       autoinit_wdt.obj           130     0         0      
       fltuld.obj                 128     0         0      
       copy_decompress_lzss.obj   118     0         0      
       cvtfd.obj                  110     0         0      
       fixdul.obj                 104     0         0      
       fixdli.obj                 102     0         0      
       cpy_tbl.obj                100     0         0      
       asr32.obj                  78      0         0      
       lsl32.obj                  78      0         0      
       lsr32.obj                  78      0         0      
       fs_cmp.obj                 74      0         0      
       fs_tou.obj                 70      0         0      
       fs_itof.obj                54      0         0      
       div16s.obj                 44      0         0      
       fixdi.obj                  40      0         0      
       copy_zero_init.obj         36      0         0      
       mult32_f5hw.obj            36      0         0      
       boot_special.obj           26      0         0      
       mult16_f5hw.obj            24      0         0      
       div16u.obj                 22      0         0      
       memcpy.obj                 20      0         0      
       copy_decompress_none.obj   18      0         0      
       fixdu.obj                  18      0         0      
       fltid.obj                  12      0         0      
       lsl16.obj                  10      0         0      
       isr_trap.obj               8       0         0      
       exit.obj                   6       0         0      
       fltud.obj                  6       0         0      
       pre_init.obj               4       0         0      
       boot.obj                   0       2         0      
       errno.obj                  0       0         2      
       int41.obj                  0       2         0      
       int43.obj                  0       2         0      
       int44.obj                  0       2         0      
       int48.obj                  0       2         0      
       int49.obj                  0       2         0      
       int50.obj                  0       2         0      
       int51.obj                  0       2         0      
       int52.obj                  0       2         0      
       int53.obj                  0       2         0      
       int56.obj                  0       2         0      
       int57.obj                  0       2         0      
       int58.obj                  0       2         0      
       int59.obj                  0       2         0      
       int60.obj                  0       2         0      
       int61.obj                  0       2         0      
       int62.obj                  0       2         0      
       startup.obj                2       0         0      
    +--+--------------------------+-------+---------+---------+
       Total:                     7404    34        2      
                                                           
       Stack:                     0       0         160    
       Linker Generated:          0       45        0      
    +--+--------------------------+-------+---------+---------+
       Grand Total:               12648   91        6746   


LINKER GENERATED COPY TABLES

__TI_cinit_table @ 0000463c records: 2, size/record: 8, table size: 16
	.data: load addr=0000462a, load size=0000000b bytes, run addr=00003dac, run size=0000000e bytes, compression=lzss
	.bss: load addr=00004636, load size=00000006 bytes, run addr=00002400, run size=000019ac bytes, compression=zero_init


LINKER GENERATED HANDLER TABLE

__TI_handler_table @ 0000461e records: 3, size/record: 4, table size: 12
	index: 0, handler: __TI_zero_init
	index: 1, handler: __TI_decompress_lzss
	index: 2, handler: __TI_decompress_none


GLOBAL SYMBOLS: SORTED ALPHABETICALLY BY Name 

address   name                        
-------   ----                        
00000700  ADC12CTL0                   
00000701  ADC12CTL0_H                 
00000700  ADC12CTL0_L                 
00000702  ADC12CTL1                   
00000703  ADC12CTL1_H                 
00000702  ADC12CTL1_L                 
00000704  ADC12CTL2                   
00000705  ADC12CTL2_H                 
00000704  ADC12CTL2_L                 
0000070c  ADC12IE                     
0000070d  ADC12IE_H                   
0000070c  ADC12IE_L                   
0000070a  ADC12IFG                    
0000070b  ADC12IFG_H                  
0000070a  ADC12IFG_L                  
00004538  ADC12ISR                    
0000070e  ADC12IV                     
0000070f  ADC12IV_H                   
0000070e  ADC12IV_L                   
00000710  ADC12MCTL0                  
00000711  ADC12MCTL1                  
0000071a  ADC12MCTL10                 
0000071b  ADC12MCTL11                 
0000071c  ADC12MCTL12                 
0000071d  ADC12MCTL13                 
0000071e  ADC12MCTL14                 
0000071f  ADC12MCTL15                 
00000712  ADC12MCTL2                  
00000713  ADC12MCTL3                  
00000714  ADC12MCTL4                  
00000715  ADC12MCTL5                  
00000716  ADC12MCTL6                  
00000717  ADC12MCTL7                  
00000718  ADC12MCTL8                  
00000719  ADC12MCTL9                  
00000720  ADC12MEM0                   
00000721  ADC12MEM0_H                 
00000720  ADC12MEM0_L                 
00000722  ADC12MEM1                   
00000734  ADC12MEM10                  
00000735  ADC12MEM10_H                
00000734  ADC12MEM10_L                
00000736  ADC12MEM11                  
00000737  ADC12MEM11_H                
00000736  ADC12MEM11_L                
00000738  ADC12MEM12                  
00000739  ADC12MEM12_H                
00000738  ADC12MEM12_L                
0000073a  ADC12MEM13                  
0000073b  ADC12MEM13_H                
0000073a  ADC12MEM13_L                
0000073c  ADC12MEM14                  
0000073d  ADC12MEM14_H                
0000073c  ADC12MEM14_L                
0000073e  ADC12MEM15                  
0000073f  ADC12MEM15_H                
0000073e  ADC12MEM15_L                
00000723  ADC12MEM1_H                 
00000722  ADC12MEM1_L                 
00000724  ADC12MEM2                   
00000725  ADC12MEM2_H                 
00000724  ADC12MEM2_L                 
00000726  ADC12MEM3                   
00000727  ADC12MEM3_H                 
00000726  ADC12MEM3_L                 
00000728  ADC12MEM4                   
00000729  ADC12MEM4_H                 
00000728  ADC12MEM4_L                 
0000072a  ADC12MEM5                   
0000072b  ADC12MEM5_H                 
0000072a  ADC12MEM5_L                 
0000072c  ADC12MEM6                   
0000072d  ADC12MEM6_H                 
0000072c  ADC12MEM6_L                 
0000072e  ADC12MEM7                   
0000072f  ADC12MEM7_H                 
0000072e  ADC12MEM7_L                 
00000730  ADC12MEM8                   
00000731  ADC12MEM8_H                 
00000730  ADC12MEM8_L                 
00000732  ADC12MEM9                   
00000733  ADC12MEM9_H                 
00000732  ADC12MEM9_L                 
00012dc6  ADC_setup                   
00012f3e  C$$EXIT                     
000008c0  CBCTL0                      
000008c1  CBCTL0_H                    
000008c0  CBCTL0_L                    
000008c2  CBCTL1                      
000008c3  CBCTL1_H                    
000008c2  CBCTL1_L                    
000008c4  CBCTL2                      
000008c5  CBCTL2_H                    
000008c4  CBCTL2_L                    
000008c6  CBCTL3                      
000008c7  CBCTL3_H                    
000008c6  CBCTL3_L                    
000008cc  CBINT                       
000008cd  CBINT_H                     
000008cc  CBINT_L                     
000008ce  CBIV                        
00000150  CRCDI                       
00000152  CRCDIRB                     
00000153  CRCDIRB_H                   
00000152  CRCDIRB_L                   
00000151  CRCDI_H                     
00000150  CRCDI_L                     
00000154  CRCINIRES                   
00000155  CRCINIRES_H                 
00000154  CRCINIRES_L                 
00000156  CRCRESR                     
00000157  CRCRESR_H                   
00000156  CRCRESR_L                   
00000510  DMA0CTL                     
00000511  DMA0CTL_H                   
00000510  DMA0CTL_L                   
00000516  DMA0DA                      
00000518  DMA0DAH                     
00000516  DMA0DAL                     
00000512  DMA0SA                      
00000514  DMA0SAH                     
00000512  DMA0SAL                     
0000051a  DMA0SZ                      
00000520  DMA1CTL                     
00000521  DMA1CTL_H                   
00000520  DMA1CTL_L                   
00000526  DMA1DA                      
00000528  DMA1DAH                     
00000526  DMA1DAL                     
00000522  DMA1SA                      
00000524  DMA1SAH                     
00000522  DMA1SAL                     
0000052a  DMA1SZ                      
00000530  DMA2CTL                     
00000531  DMA2CTL_H                   
00000530  DMA2CTL_L                   
00000536  DMA2DA                      
00000538  DMA2DAH                     
00000536  DMA2DAL                     
00000532  DMA2SA                      
00000534  DMA2SAH                     
00000532  DMA2SAL                     
0000053a  DMA2SZ                      
00000500  DMACTL0                     
00000501  DMACTL0_H                   
00000500  DMACTL0_L                   
00000502  DMACTL1                     
00000503  DMACTL1_H                   
00000502  DMACTL1_L                   
00000504  DMACTL2                     
00000505  DMACTL2_H                   
00000504  DMACTL2_L                   
00000506  DMACTL3                     
00000507  DMACTL3_H                   
00000506  DMACTL3_L                   
00000508  DMACTL4                     
00000509  DMACTL4_H                   
00000508  DMACTL4_L                   
0000050e  DMAIV                       
0000050f  DMAIV_H                     
0000050e  DMAIV_L                     
00000140  FCTL1                       
00000141  FCTL1_H                     
00000140  FCTL1_L                     
00000144  FCTL3                       
00000145  FCTL3_H                     
00000144  FCTL3_L                     
00000146  FCTL4                       
00000147  FCTL4_H                     
00000146  FCTL4_L                     
000004c4  MAC                         
000004da  MAC32H                      
000004db  MAC32H_H                    
000004da  MAC32H_L                    
000004d8  MAC32L                      
000004d9  MAC32L_H                    
000004d8  MAC32L_L                    
000004c6  MACS                        
000004de  MACS32H                     
000004df  MACS32H_H                   
000004de  MACS32H_L                   
000004dc  MACS32L                     
000004dd  MACS32L_H                   
000004dc  MACS32L_L                   
000004c7  MACS_H                      
000004c6  MACS_L                      
000004c5  MAC_H                       
000004c4  MAC_L                       
000004c0  MPY                         
000004ec  MPY32CTL0                   
000004ed  MPY32CTL0_H                 
000004ec  MPY32CTL0_L                 
000004d2  MPY32H                      
000004d3  MPY32H_H                    
000004d2  MPY32H_L                    
000004d0  MPY32L                      
000004d1  MPY32L_H                    
000004d0  MPY32L_L                    
000004c2  MPYS                        
000004d6  MPYS32H                     
000004d7  MPYS32H_H                   
000004d6  MPYS32H_L                   
000004d4  MPYS32L                     
000004d5  MPYS32L_H                   
000004d4  MPYS32L_L                   
000004c3  MPYS_H                      
000004c2  MPYS_L                      
000004c1  MPY_H                       
000004c0  MPY_L                       
000004c8  OP2                         
000004e2  OP2H                        
000004e3  OP2H_H                      
000004e2  OP2H_L                      
000004e0  OP2L                        
000004e1  OP2L_H                      
000004e0  OP2L_L                      
000004c9  OP2_H                       
000004c8  OP2_L                       
0000020e  P1IV                        
0000021e  P2IV                        
000045fe  P2_IRQ                      
000001e0  P4MAP01                     
000001e1  P4MAP01_H                   
000001e0  P4MAP01_L                   
000001e2  P4MAP23                     
000001e3  P4MAP23_H                   
000001e2  P4MAP23_L                   
000001e4  P4MAP45                     
000001e5  P4MAP45_H                   
000001e4  P4MAP45_L                   
000001e6  P4MAP67                     
000001e7  P4MAP67_H                   
000001e6  P4MAP67_L                   
00000204  PADIR                       
00000205  PADIR_H                     
00000204  PADIR_L                     
00000208  PADS                        
00000209  PADS_H                      
00000208  PADS_L                      
0000021a  PAIE                        
00000218  PAIES                       
00000219  PAIES_H                     
00000218  PAIES_L                     
0000021b  PAIE_H                      
0000021a  PAIE_L                      
0000021c  PAIFG                       
0000021d  PAIFG_H                     
0000021c  PAIFG_L                     
00000200  PAIN                        
00000201  PAIN_H                      
00000200  PAIN_L                      
00000202  PAOUT                       
00000203  PAOUT_H                     
00000202  PAOUT_L                     
00000206  PAREN                       
00000207  PAREN_H                     
00000206  PAREN_L                     
0000020a  PASEL                       
0000020b  PASEL_H                     
0000020a  PASEL_L                     
00000224  PBDIR                       
00000225  PBDIR_H                     
00000224  PBDIR_L                     
00000228  PBDS                        
00000229  PBDS_H                      
00000228  PBDS_L                      
00000220  PBIN                        
00000221  PBIN_H                      
00000220  PBIN_L                      
00000222  PBOUT                       
00000223  PBOUT_H                     
00000222  PBOUT_L                     
00000226  PBREN                       
00000227  PBREN_H                     
00000226  PBREN_L                     
0000022a  PBSEL                       
0000022b  PBSEL_H                     
0000022a  PBSEL_L                     
00000244  PCDIR                       
00000245  PCDIR_H                     
00000244  PCDIR_L                     
00000248  PCDS                        
00000249  PCDS_H                      
00000248  PCDS_L                      
00000240  PCIN                        
00000241  PCIN_H                      
00000240  PCIN_L                      
00000242  PCOUT                       
00000243  PCOUT_H                     
00000242  PCOUT_L                     
00000246  PCREN                       
00000247  PCREN_H                     
00000246  PCREN_L                     
0000024a  PCSEL                       
0000024b  PCSEL_H                     
0000024a  PCSEL_L                     
00000264  PDDIR                       
00000265  PDDIR_H                     
00000264  PDDIR_L                     
00000268  PDDS                        
00000269  PDDS_H                      
00000268  PDDS_L                      
00000260  PDIN                        
00000261  PDIN_H                      
00000260  PDIN_L                      
00000262  PDOUT                       
00000263  PDOUT_H                     
00000262  PDOUT_L                     
00000266  PDREN                       
00000267  PDREN_H                     
00000266  PDREN_L                     
0000026a  PDSEL                       
0000026b  PDSEL_H                     
0000026a  PDSEL_L                     
00000324  PJDIR                       
00000325  PJDIR_H                     
00000324  PJDIR_L                     
00000328  PJDS                        
00000329  PJDS_H                      
00000328  PJDS_L                      
00000320  PJIN                        
00000321  PJIN_H                      
00000320  PJIN_L                      
00000322  PJOUT                       
00000323  PJOUT_H                     
00000322  PJOUT_L                     
00000326  PJREN                       
00000327  PJREN_H                     
00000326  PJREN_L                     
00000130  PM5CTL0                     
00000131  PM5CTL0_H                   
00000130  PM5CTL0_L                   
000001c2  PMAPCTL                     
000001c3  PMAPCTL_H                   
000001c2  PMAPCTL_L                   
000001c0  PMAPKEYID                   
000001c1  PMAPKEYID_H                 
000001c0  PMAPKEYID_L                 
00000120  PMMCTL0                     
00000121  PMMCTL0_H                   
00000120  PMMCTL0_L                   
00000122  PMMCTL1                     
00000123  PMMCTL1_H                   
00000122  PMMCTL1_L                   
0000012c  PMMIFG                      
0000012d  PMMIFG_H                    
0000012c  PMMIFG_L                    
0000012e  PMMRIE                      
0000012f  PMMRIE_H                    
0000012e  PMMRIE_L                    
00003d34  PRXData_s1                  
00003d38  PRXData_s2                  
00003d3c  Pacclmtr_data               
000045be  Port_1                      
00000158  RCCTL0                      
00000159  RCCTL0_H                    
00000158  RCCTL0_L                    
000001b0  REFCTL0                     
000001b1  REFCTL0_H                   
000001b0  REFCTL0_L                   
000004e4  RES0                        
000004e5  RES0_H                      
000004e4  RES0_L                      
000004e6  RES1                        
000004e7  RES1_H                      
000004e6  RES1_L                      
000004e8  RES2                        
000004e9  RES2_H                      
000004e8  RES2_L                      
000004ea  RES3                        
000004eb  RES3_H                      
000004ea  RES3_L                      
000004cc  RESHI                       
000004cd  RESHI_H                     
000004cc  RESHI_L                     
000004ca  RESLO                       
000004cb  RESLO_H                     
000004ca  RESLO_L                     
000004ba  RTCADOWDAY                  
000004bb  RTCADOWDAY_H                
000004ba  RTCADOWDAY_L                
000004b8  RTCAMINHR                   
000004b9  RTCAMINHR_H                 
000004b8  RTCAMINHR_L                 
000004a0  RTCCTL01                    
000004a1  RTCCTL01_H                  
000004a0  RTCCTL01_L                  
000004a2  RTCCTL23                    
000004a3  RTCCTL23_H                  
000004a2  RTCCTL23_L                  
000004b4  RTCDATE                     
000004b5  RTCDATE_H                   
000004b4  RTCDATE_L                   
000004ae  RTCIV                       
000004ac  RTCPS                       
000004a8  RTCPS0CTL                   
000004a9  RTCPS0CTL_H                 
000004a8  RTCPS0CTL_L                 
000004aa  RTCPS1CTL                   
000004ab  RTCPS1CTL_H                 
000004aa  RTCPS1CTL_L                 
000004ad  RTCPS_H                     
000004ac  RTCPS_L                     
000004b0  RTCTIM0                     
000004b1  RTCTIM0_H                   
000004b0  RTCTIM0_L                   
000004b2  RTCTIM1                     
000004b3  RTCTIM1_H                   
000004b2  RTCTIM1_L                   
000004b6  RTCYEAR                     
000004b7  RTCYEAR_H                   
000004b6  RTCYEAR_L                   
00003d1c  RXData_s1                   
00003d22  RXData_s2                   
00000100  SFRIE1                      
00000101  SFRIE1_H                    
00000100  SFRIE1_L                    
00000102  SFRIFG1                     
00000103  SFRIFG1_H                   
00000102  SFRIFG1_L                   
00000104  SFRRPCR                     
00000105  SFRRPCR_H                   
00000104  SFRRPCR_L                   
000004ce  SUMEXT                      
000004cf  SUMEXT_H                    
000004ce  SUMEXT_L                    
00000124  SVSMHCTL                    
00000125  SVSMHCTL_H                  
00000124  SVSMHCTL_L                  
00000128  SVSMIO                      
00000129  SVSMIO_H                    
00000128  SVSMIO_L                    
00000126  SVSMLCTL                    
00000127  SVSMLCTL_H                  
00000126  SVSMLCTL_L                  
00000198  SYSBERRIV                   
00000199  SYSBERRIV_H                 
00000198  SYSBERRIV_L                 
00000182  SYSBSLC                     
00000183  SYSBSLC_H                   
00000182  SYSBSLC_L                   
00000180  SYSCTL                      
00000181  SYSCTL_H                    
00000180  SYSCTL_L                    
00000186  SYSJMBC                     
00000187  SYSJMBC_H                   
00000186  SYSJMBC_L                   
00000188  SYSJMBI0                    
00000189  SYSJMBI0_H                  
00000188  SYSJMBI0_L                  
0000018a  SYSJMBI1                    
0000018b  SYSJMBI1_H                  
0000018a  SYSJMBI1_L                  
0000018c  SYSJMBO0                    
0000018d  SYSJMBO0_H                  
0000018c  SYSJMBO0_L                  
0000018e  SYSJMBO1                    
0000018f  SYSJMBO1_H                  
0000018e  SYSJMBO1_L                  
0000019e  SYSRSTIV                    
0000019f  SYSRSTIV_H                  
0000019e  SYSRSTIV_L                  
0000019c  SYSSNIV                     
0000019d  SYSSNIV_H                   
0000019c  SYSSNIV_L                   
0000019a  SYSUNIV                     
0000019b  SYSUNIV_H                   
0000019a  SYSUNIV_L                   
00000352  TA0CCR0                     
00000354  TA0CCR1                     
00000356  TA0CCR2                     
00000358  TA0CCR3                     
0000035a  TA0CCR4                     
00000342  TA0CCTL0                    
00000344  TA0CCTL1                    
00000346  TA0CCTL2                    
00000348  TA0CCTL3                    
0000034a  TA0CCTL4                    
00000340  TA0CTL                      
00000360  TA0EX0                      
0000036e  TA0IV                       
00000350  TA0R                        
00000392  TA1CCR0                     
00000394  TA1CCR1                     
00000396  TA1CCR2                     
00000382  TA1CCTL0                    
00000384  TA1CCTL1                    
00000386  TA1CCTL2                    
00000380  TA1CTL                      
000003a0  TA1EX0                      
000003ae  TA1IV                       
00000390  TA1R                        
00000412  TA2CCR0                     
00000414  TA2CCR1                     
00000416  TA2CCR2                     
00000402  TA2CCTL0                    
00000404  TA2CCTL1                    
00000406  TA2CCTL2                    
00000400  TA2CTL                      
00000420  TA2EX0                      
0000042e  TA2IV                       
00000410  TA2R                        
000003d2  TB0CCR0                     
000003d4  TB0CCR1                     
000003d6  TB0CCR2                     
000003d8  TB0CCR3                     
000003da  TB0CCR4                     
000003dc  TB0CCR5                     
000003de  TB0CCR6                     
000003c2  TB0CCTL0                    
000003c4  TB0CCTL1                    
000003c6  TB0CCTL2                    
000003c8  TB0CCTL3                    
000003ca  TB0CCTL4                    
000003cc  TB0CCTL5                    
000003ce  TB0CCTL6                    
000003c0  TB0CTL                      
000003e0  TB0EX0                      
000003ee  TB0IV                       
000003d0  TB0R                        
00003d9e  UART_byte                   
00003d9f  UART_sensor_flag            
00012d50  UART_setup                  
000005d0  UCA0ABCTL                   
000005c6  UCA0BRW                     
000005c7  UCA0BRW_H                   
000005c6  UCA0BRW_L                   
000005c0  UCA0CTLW0                   
000005c1  UCA0CTLW0_H                 
000005c0  UCA0CTLW0_L                 
000005dc  UCA0ICTL                    
000005dd  UCA0ICTL_H                  
000005dc  UCA0ICTL_L                  
000005d2  UCA0IRCTL                   
000005d3  UCA0IRCTL_H                 
000005d2  UCA0IRCTL_L                 
000005de  UCA0IV                      
000005c8  UCA0MCTL                    
000005cc  UCA0RXBUF                   
000005ca  UCA0STAT                    
000005ce  UCA0TXBUF                   
00000610  UCA1ABCTL                   
00000606  UCA1BRW                     
00000607  UCA1BRW_H                   
00000606  UCA1BRW_L                   
00000600  UCA1CTLW0                   
00000601  UCA1CTLW0_H                 
00000600  UCA1CTLW0_L                 
0000061c  UCA1ICTL                    
0000061d  UCA1ICTL_H                  
0000061c  UCA1ICTL_L                  
00000612  UCA1IRCTL                   
00000613  UCA1IRCTL_H                 
00000612  UCA1IRCTL_L                 
0000061e  UCA1IV                      
00000608  UCA1MCTL                    
0000060c  UCA1RXBUF                   
0000060a  UCA1STAT                    
0000060e  UCA1TXBUF                   
000005e6  UCB0BRW                     
000005e7  UCB0BRW_H                   
000005e6  UCB0BRW_L                   
000005e0  UCB0CTLW0                   
000005e1  UCB0CTLW0_H                 
000005e0  UCB0CTLW0_L                 
000005f0  UCB0I2COA                   
000005f1  UCB0I2COA_H                 
000005f0  UCB0I2COA_L                 
000005f2  UCB0I2CSA                   
000005f3  UCB0I2CSA_H                 
000005f2  UCB0I2CSA_L                 
000005fc  UCB0ICTL                    
000005fd  UCB0ICTL_H                  
000005fc  UCB0ICTL_L                  
000005fe  UCB0IV                      
000005ec  UCB0RXBUF                   
000005ea  UCB0STAT                    
000005ee  UCB0TXBUF                   
00000626  UCB1BRW                     
00000627  UCB1BRW_H                   
00000626  UCB1BRW_L                   
00000620  UCB1CTLW0                   
00000621  UCB1CTLW0_H                 
00000620  UCB1CTLW0_L                 
00000630  UCB1I2COA                   
00000631  UCB1I2COA_H                 
00000630  UCB1I2COA_L                 
00000632  UCB1I2CSA                   
00000633  UCB1I2CSA_H                 
00000632  UCB1I2CSA_L                 
0000063c  UCB1ICTL                    
0000063d  UCB1ICTL_H                  
0000063c  UCB1ICTL_L                  
0000063e  UCB1IV                      
0000062c  UCB1RXBUF                   
0000062a  UCB1STAT                    
0000062e  UCB1TXBUF                   
00000160  UCSCTL0                     
00000161  UCSCTL0_H                   
00000160  UCSCTL0_L                   
00000162  UCSCTL1                     
00000163  UCSCTL1_H                   
00000162  UCSCTL1_L                   
00000164  UCSCTL2                     
00000165  UCSCTL2_H                   
00000164  UCSCTL2_L                   
00000166  UCSCTL3                     
00000167  UCSCTL3_H                   
00000166  UCSCTL3_L                   
00000168  UCSCTL4                     
00000169  UCSCTL4_H                   
00000168  UCSCTL4_L                   
0000016a  UCSCTL5                     
0000016b  UCSCTL5_H                   
0000016a  UCSCTL5_L                   
0000016c  UCSCTL6                     
0000016d  UCSCTL6_H                   
0000016c  UCSCTL6_L                   
0000016e  UCSCTL7                     
0000016f  UCSCTL7_H                   
0000016e  UCSCTL7_L                   
00000170  UCSCTL8                     
00000171  UCSCTL8_H                   
00000170  UCSCTL8_L                   
00000902  USBCNF                      
00000903  USBCNF_H                    
00000902  USBCNF_L                    
0000093c  USBCTL                      
0000093a  USBFN                       
0000093b  USBFN_H                     
0000093a  USBFN_L                     
0000093f  USBFUNADR                   
0000093d  USBIE                       
00002378  USBIEP0BUF                  
000023c9  USBIEPBBAX_1                
000023d1  USBIEPBBAX_2                
000023d9  USBIEPBBAX_3                
000023e1  USBIEPBBAX_4                
000023e9  USBIEPBBAX_5                
000023f1  USBIEPBBAX_6                
000023f9  USBIEPBBAX_7                
000023cd  USBIEPBBAY_1                
000023d5  USBIEPBBAY_2                
000023dd  USBIEPBBAY_3                
000023e5  USBIEPBBAY_4                
000023ed  USBIEPBBAY_5                
000023f5  USBIEPBBAY_6                
000023fd  USBIEPBBAY_7                
000023ca  USBIEPBCTX_1                
000023d2  USBIEPBCTX_2                
000023da  USBIEPBCTX_3                
000023e2  USBIEPBCTX_4                
000023ea  USBIEPBCTX_5                
000023f2  USBIEPBCTX_6                
000023fa  USBIEPBCTX_7                
000023ce  USBIEPBCTY_1                
000023d6  USBIEPBCTY_2                
000023de  USBIEPBCTY_3                
000023e6  USBIEPBCTY_4                
000023ee  USBIEPBCTY_5                
000023f6  USBIEPBCTY_6                
000023fe  USBIEPBCTY_7                
00000920  USBIEPCNF_0                 
000023c8  USBIEPCNF_1                 
000023d0  USBIEPCNF_2                 
000023d8  USBIEPCNF_3                 
000023e0  USBIEPCNF_4                 
000023e8  USBIEPCNF_5                 
000023f0  USBIEPCNF_6                 
000023f8  USBIEPCNF_7                 
00000921  USBIEPCNT_0                 
0000092e  USBIEPIE                    
00000930  USBIEPIFG                   
000023cf  USBIEPSIZXY_1               
000023d7  USBIEPSIZXY_2               
000023df  USBIEPSIZXY_3               
000023e7  USBIEPSIZXY_4               
000023ef  USBIEPSIZXY_5               
000023f7  USBIEPSIZXY_6               
000023ff  USBIEPSIZXY_7               
0000093e  USBIFG                      
00000900  USBKEYID                    
00000901  USBKEYID_H                  
00000900  USBKEYID_L                  
00000936  USBMAINT                    
00000937  USBMAINT_H                  
00000936  USBMAINT_L                  
00002370  USBOEP0BUF                  
00002389  USBOEPBBAX_1                
00002391  USBOEPBBAX_2                
00002399  USBOEPBBAX_3                
000023a1  USBOEPBBAX_4                
000023a9  USBOEPBBAX_5                
000023b1  USBOEPBBAX_6                
000023b9  USBOEPBBAX_7                
0000238d  USBOEPBBAY_1                
00002395  USBOEPBBAY_2                
0000239d  USBOEPBBAY_3                
000023a5  USBOEPBBAY_4                
000023ad  USBOEPBBAY_5                
000023b5  USBOEPBBAY_6                
000023bd  USBOEPBBAY_7                
0000238a  USBOEPBCTX_1                
00002392  USBOEPBCTX_2                
0000239a  USBOEPBCTX_3                
000023a2  USBOEPBCTX_4                
000023aa  USBOEPBCTX_5                
000023b2  USBOEPBCTX_6                
000023ba  USBOEPBCTX_7                
0000238e  USBOEPBCTY_1                
00002396  USBOEPBCTY_2                
0000239e  USBOEPBCTY_3                
000023a6  USBOEPBCTY_4                
000023ae  USBOEPBCTY_5                
000023b6  USBOEPBCTY_6                
000023be  USBOEPBCTY_7                
00000922  USBOEPCNF_0                 
00002388  USBOEPCNF_1                 
00002390  USBOEPCNF_2                 
00002398  USBOEPCNF_3                 
000023a0  USBOEPCNF_4                 
000023a8  USBOEPCNF_5                 
000023b0  USBOEPCNF_6                 
000023b8  USBOEPCNF_7                 
00000923  USBOEPCNT_0                 
0000092f  USBOEPIE                    
00000931  USBOEPIFG                   
0000238f  USBOEPSIZXY_1               
00002397  USBOEPSIZXY_2               
0000239f  USBOEPSIZXY_3               
000023a7  USBOEPSIZXY_4               
000023af  USBOEPSIZXY_5               
000023b7  USBOEPSIZXY_6               
000023bf  USBOEPSIZXY_7               
00000904  USBPHYCTL                   
00000905  USBPHYCTL_H                 
00000904  USBPHYCTL_L                 
00000910  USBPLLCTL                   
00000911  USBPLLCTL_H                 
00000910  USBPLLCTL_L                 
00000912  USBPLLDIVB                  
00000913  USBPLLDIVB_H                
00000912  USBPLLDIVB_L                
00000914  USBPLLIR                    
00000915  USBPLLIR_H                  
00000914  USBPLLIR_L                  
00000908  USBPWRCTL                   
00000909  USBPWRCTL_H                 
00000908  USBPWRCTL_L                 
00001c00  USBSTABUFF                  
00002380  USBSUBLK                    
0000236f  USBTOPBUFF                  
00000938  USBTSREG                    
00000939  USBTSREG_H                  
00000938  USBTSREG_L                  
00000932  USBVECINT                   
00000933  USBVECINT_H                 
00000932  USBVECINT_L                 
00004400  USCI_A1_ISR                 
000044bc  USCI_B0_ISR                 
00004582  USCI_B1_ISR                 
0000015c  WDTCTL                      
0000015d  WDTCTL_H                    
0000015c  WDTCTL_L                    
00004400  __STACK_END                 
000000a0  __STACK_SIZE                
UNDEFED   __TI_BINIT_Base             
UNDEFED   __TI_BINIT_Limit            
0000463c  __TI_CINIT_Base             
0000464c  __TI_CINIT_Limit            
0000461e  __TI_Handler_Table_Base     
0000462a  __TI_Handler_Table_Limit    
UNDEFED   __TI_INITARRAY_Base         
UNDEFED   __TI_INITARRAY_Limit        
00004616  __TI_ISR_TRAP               
0001228a  __TI_decompress_lzss        
00012eb8  __TI_decompress_none        
000116d4  __TI_frcaddd                
00010794  __TI_frcdivd                
000111cc  __TI_frcmpyd                
0000ffd2  __TI_int41                  
0000ffd4  __TI_int42                  
0000ffd6  __TI_int43                  
0000ffd8  __TI_int44                  
0000ffda  __TI_int45                  
0000ffdc  __TI_int46                  
0000ffde  __TI_int47                  
0000ffe0  __TI_int48                  
0000ffe2  __TI_int49                  
0000ffe4  __TI_int50                  
0000ffe6  __TI_int51                  
0000ffe8  __TI_int52                  
0000ffea  __TI_int53                  
0000ffec  __TI_int54                  
0000ffee  __TI_int55                  
0000fff0  __TI_int56                  
0000fff2  __TI_int57                  
0000fff4  __TI_int58                  
0000fff6  __TI_int59                  
0000fff8  __TI_int60                  
0000fffa  __TI_int61                  
0000fffc  __TI_int62                  
ffffffff  __TI_pprof_out_hndl         
ffffffff  __TI_prof_data_size         
ffffffff  __TI_prof_data_start        
00011d84  __TI_renormd                
00012c5a  __TI_zero_init              
ffffffff  __c_args__                  
00010ef4  __mspabi_addd               
000127a2  __mspabi_cmpf               
00011ffa  __mspabi_cvtdf              
00012374  __mspabi_cvtfd              
00011926  __mspabi_divd               
00011f6a  __mspabi_divf               
00012b1e  __mspabi_divi               
00012e6a  __mspabi_divu               
00012b74  __mspabi_fixdi              
0001251a  __mspabi_fixdli             
00012e94  __mspabi_fixdu              
000123e2  __mspabi_fixdul             
000127ec  __mspabi_fixfu              
00012f18  __mspabi_fltid              
00012a60  __mspabi_fltif              
00011e36  __mspabi_fltlid             
00012f38  __mspabi_fltud              
00012190  __mspabi_fltuld             
00011452  __mspabi_mpyd               
00011ccc  __mspabi_mpyf               
00012e10  __mspabi_mpyi_f5hw          
00012ca2  __mspabi_mpyl_f5hw          
00012b1e  __mspabi_remi               
00012e6a  __mspabi_remu               
00012f2e  __mspabi_slli               
00012eda  __mspabi_slll               
0001296e  __mspabi_slll_1             
0001294a  __mspabi_slll_10            
00012946  __mspabi_slll_11            
00012942  __mspabi_slll_12            
0001293e  __mspabi_slll_13            
0001293a  __mspabi_slll_14            
00012936  __mspabi_slll_15            
0001296a  __mspabi_slll_2             
00012966  __mspabi_slll_3             
00012962  __mspabi_slll_4             
0001295e  __mspabi_slll_5             
0001295a  __mspabi_slll_6             
00012956  __mspabi_slll_7             
00012952  __mspabi_slll_8             
0001294e  __mspabi_slll_9             
00012eca  __mspabi_sral               
00012930  __mspabi_sral_1             
0001290c  __mspabi_sral_10            
00012908  __mspabi_sral_11            
00012904  __mspabi_sral_12            
00012900  __mspabi_sral_13            
000128fc  __mspabi_sral_14            
000128f8  __mspabi_sral_15            
0001292c  __mspabi_sral_2             
00012928  __mspabi_sral_3             
00012924  __mspabi_sral_4             
00012920  __mspabi_sral_5             
0001291c  __mspabi_sral_6             
00012918  __mspabi_sral_7             
00012914  __mspabi_sral_8             
00012910  __mspabi_sral_9             
00012eea  __mspabi_srll               
000129ac  __mspabi_srll_1             
00012988  __mspabi_srll_10            
00012984  __mspabi_srll_11            
00012980  __mspabi_srll_12            
0001297c  __mspabi_srll_13            
00012978  __mspabi_srll_14            
00012974  __mspabi_srll_15            
000129a8  __mspabi_srll_2             
000129a4  __mspabi_srll_3             
000129a0  __mspabi_srll_4             
0001299c  __mspabi_srll_5             
00012998  __mspabi_srll_6             
00012994  __mspabi_srll_7             
00012990  __mspabi_srll_8             
0001298c  __mspabi_srll_9             
0001210e  _auto_init_hold_wdt         
000045e4  _c_int00_noargs_noexit      
0000fffe  _reset_vector               
00004360  _stack                      
00012f48  _system_post_cinit          
00012f44  _system_pre_init            
00012f3e  abort                       
00012300  acclmtr_config              
00003da0  acclmtr_config_flag         
00003d60  acclmtr_data                
00012ea6  activate_rx_mode            
00003d28  addr_rx                     
00003d2e  addr_tx                     
00003d00  buf_r                       
00003d0e  buf_s                       
00012c36  clock_setup                 
00012580  copy_in                     
00003d62  count1                      
00003d64  count11                     
00003d66  count12                     
00003d68  count2                      
00003d6a  count3                      
00003d6c  count4                      
00003d6e  count8                      
00003d70  count9                      
00003d40  dist_betwn_snsrs            
00003d72  distance                    
00003db8  errno                       
00012e28  flush_rx                    
00012e3e  flush_tx                    
00003d74  i                           
00003da1  i_acclmtr                   
00003d76  ice_present_flag            
00003d78  ii                          
00003db2  index                       
00003db4  indexx                      
00003da2  j                           
00003d7a  lag                         
00003d44  length                      
00003d7c  length_int                  
00003d48  length_th                   
00003d7e  mag1                        
00002400  mag1_1000                   
00003d80  mag2                        
00002bd0  mag2_1000                   
00003da3  mag2_dtct_flag              
00003b70  mag_rcnt_1                  
00003c38  mag_rcnt_2                  
00003d82  mag_th_1                    
00003d84  mag_th_2                    
00010000  main                        
00012e80  memcpy                      
00012cea  msprf24_activate_rx         
00012e54  msprf24_activate_tx         
00012d8e  msprf24_close_pipe_all      
000126a2  msprf24_current_state       
00012d0c  msprf24_enable_feature      
00012a96  msprf24_get_irq_reason      
00012f0a  msprf24_get_last_retransmits
00011ed4  msprf24_init                
00012752  msprf24_irq_clear           
00012daa  msprf24_is_alive            
000126fc  msprf24_open_pipe           
00012de0  msprf24_powerdown           
00012f24  msprf24_queue_state         
00012bc4  msprf24_rx_pending          
00012c7e  msprf24_set_address_width   
00012d70  msprf24_set_channel         
00012b9c  msprf24_set_config          
0001244a  msprf24_set_pipe_packetsize 
00012d2e  msprf24_set_retransmit_count
000125e4  msprf24_set_retransmit_delay
00012ac4  msprf24_set_speed_power     
00012af2  msprf24_standby             
00003db0  peak                        
00012df8  pulse_ce                    
00012bea  r_reg                       
00012210  r_rx_payload                
00012086  radio_setup                 
00012832  rcv_msg                     
00003da4  rcvd_msg_flag               
00003da5  rf_addr_width               
00003da6  rf_channel                  
00003da7  rf_crc                      
00003da8  rf_feature                  
00003da9  rf_irq                      
00003daa  rf_speed_power              
00003dab  rf_status                   
00003db7  road_no                     
00003d4c  sampling_rate               
00012874  send_msg                    
00003db6  sender_add                  
00003d86  sensor_select               
00003d88  size                        
00003d50  speed                       
00003d54  speed1                      
00003d8a  speed_int                   
00003d58  speed_th                    
00011b48  spi_com1                    
00011c0a  spi_com2                    
000128b6  spi_com_acclmtr             
00012b4a  spi_init                    
000129b2  spi_setup                   
00012cc6  spi_setup_acclmtr           
00012efa  spi_transfer                
000129ec  spi_transfer16              
00010c0c  sqrt                        
00010c0c  sqrtl                       
00003d8c  store_1000_flag             
00003dac  temp                        
00003d8e  temp_id                     
00003d90  user                        
00012c10  w_reg                       
00012644  w_rx_addr                   
00012a26  w_tx_addr                   
000124b2  w_tx_payload                
00003d92  x1                          
00003d94  x2                          
00003d5c  xcorr_result                
00003d96  y1                          
00003d98  y2                          
00003d9a  z1                          
00003d9c  z2                          
000033a0  z_acclmtr                   


GLOBAL SYMBOLS: SORTED BY Symbol Address 

address   name                        
-------   ----                        
000000a0  __STACK_SIZE                
00000100  SFRIE1                      
00000100  SFRIE1_L                    
00000101  SFRIE1_H                    
00000102  SFRIFG1                     
00000102  SFRIFG1_L                   
00000103  SFRIFG1_H                   
00000104  SFRRPCR                     
00000104  SFRRPCR_L                   
00000105  SFRRPCR_H                   
00000120  PMMCTL0                     
00000120  PMMCTL0_L                   
00000121  PMMCTL0_H                   
00000122  PMMCTL1                     
00000122  PMMCTL1_L                   
00000123  PMMCTL1_H                   
00000124  SVSMHCTL                    
00000124  SVSMHCTL_L                  
00000125  SVSMHCTL_H                  
00000126  SVSMLCTL                    
00000126  SVSMLCTL_L                  
00000127  SVSMLCTL_H                  
00000128  SVSMIO                      
00000128  SVSMIO_L                    
00000129  SVSMIO_H                    
0000012c  PMMIFG                      
0000012c  PMMIFG_L                    
0000012d  PMMIFG_H                    
0000012e  PMMRIE                      
0000012e  PMMRIE_L                    
0000012f  PMMRIE_H                    
00000130  PM5CTL0                     
00000130  PM5CTL0_L                   
00000131  PM5CTL0_H                   
00000140  FCTL1                       
00000140  FCTL1_L                     
00000141  FCTL1_H                     
00000144  FCTL3                       
00000144  FCTL3_L                     
00000145  FCTL3_H                     
00000146  FCTL4                       
00000146  FCTL4_L                     
00000147  FCTL4_H                     
00000150  CRCDI                       
00000150  CRCDI_L                     
00000151  CRCDI_H                     
00000152  CRCDIRB                     
00000152  CRCDIRB_L                   
00000153  CRCDIRB_H                   
00000154  CRCINIRES                   
00000154  CRCINIRES_L                 
00000155  CRCINIRES_H                 
00000156  CRCRESR                     
00000156  CRCRESR_L                   
00000157  CRCRESR_H                   
00000158  RCCTL0                      
00000158  RCCTL0_L                    
00000159  RCCTL0_H                    
0000015c  WDTCTL                      
0000015c  WDTCTL_L                    
0000015d  WDTCTL_H                    
00000160  UCSCTL0                     
00000160  UCSCTL0_L                   
00000161  UCSCTL0_H                   
00000162  UCSCTL1                     
00000162  UCSCTL1_L                   
00000163  UCSCTL1_H                   
00000164  UCSCTL2                     
00000164  UCSCTL2_L                   
00000165  UCSCTL2_H                   
00000166  UCSCTL3                     
00000166  UCSCTL3_L                   
00000167  UCSCTL3_H                   
00000168  UCSCTL4                     
00000168  UCSCTL4_L                   
00000169  UCSCTL4_H                   
0000016a  UCSCTL5                     
0000016a  UCSCTL5_L                   
0000016b  UCSCTL5_H                   
0000016c  UCSCTL6                     
0000016c  UCSCTL6_L                   
0000016d  UCSCTL6_H                   
0000016e  UCSCTL7                     
0000016e  UCSCTL7_L                   
0000016f  UCSCTL7_H                   
00000170  UCSCTL8                     
00000170  UCSCTL8_L                   
00000171  UCSCTL8_H                   
00000180  SYSCTL                      
00000180  SYSCTL_L                    
00000181  SYSCTL_H                    
00000182  SYSBSLC                     
00000182  SYSBSLC_L                   
00000183  SYSBSLC_H                   
00000186  SYSJMBC                     
00000186  SYSJMBC_L                   
00000187  SYSJMBC_H                   
00000188  SYSJMBI0                    
00000188  SYSJMBI0_L                  
00000189  SYSJMBI0_H                  
0000018a  SYSJMBI1                    
0000018a  SYSJMBI1_L                  
0000018b  SYSJMBI1_H                  
0000018c  SYSJMBO0                    
0000018c  SYSJMBO0_L                  
0000018d  SYSJMBO0_H                  
0000018e  SYSJMBO1                    
0000018e  SYSJMBO1_L                  
0000018f  SYSJMBO1_H                  
00000198  SYSBERRIV                   
00000198  SYSBERRIV_L                 
00000199  SYSBERRIV_H                 
0000019a  SYSUNIV                     
0000019a  SYSUNIV_L                   
0000019b  SYSUNIV_H                   
0000019c  SYSSNIV                     
0000019c  SYSSNIV_L                   
0000019d  SYSSNIV_H                   
0000019e  SYSRSTIV                    
0000019e  SYSRSTIV_L                  
0000019f  SYSRSTIV_H                  
000001b0  REFCTL0                     
000001b0  REFCTL0_L                   
000001b1  REFCTL0_H                   
000001c0  PMAPKEYID                   
000001c0  PMAPKEYID_L                 
000001c1  PMAPKEYID_H                 
000001c2  PMAPCTL                     
000001c2  PMAPCTL_L                   
000001c3  PMAPCTL_H                   
000001e0  P4MAP01                     
000001e0  P4MAP01_L                   
000001e1  P4MAP01_H                   
000001e2  P4MAP23                     
000001e2  P4MAP23_L                   
000001e3  P4MAP23_H                   
000001e4  P4MAP45                     
000001e4  P4MAP45_L                   
000001e5  P4MAP45_H                   
000001e6  P4MAP67                     
000001e6  P4MAP67_L                   
000001e7  P4MAP67_H                   
00000200  PAIN                        
00000200  PAIN_L                      
00000201  PAIN_H                      
00000202  PAOUT                       
00000202  PAOUT_L                     
00000203  PAOUT_H                     
00000204  PADIR                       
00000204  PADIR_L                     
00000205  PADIR_H                     
00000206  PAREN                       
00000206  PAREN_L                     
00000207  PAREN_H                     
00000208  PADS                        
00000208  PADS_L                      
00000209  PADS_H                      
0000020a  PASEL                       
0000020a  PASEL_L                     
0000020b  PASEL_H                     
0000020e  P1IV                        
00000218  PAIES                       
00000218  PAIES_L                     
00000219  PAIES_H                     
0000021a  PAIE                        
0000021a  PAIE_L                      
0000021b  PAIE_H                      
0000021c  PAIFG                       
0000021c  PAIFG_L                     
0000021d  PAIFG_H                     
0000021e  P2IV                        
00000220  PBIN                        
00000220  PBIN_L                      
00000221  PBIN_H                      
00000222  PBOUT                       
00000222  PBOUT_L                     
00000223  PBOUT_H                     
00000224  PBDIR                       
00000224  PBDIR_L                     
00000225  PBDIR_H                     
00000226  PBREN                       
00000226  PBREN_L                     
00000227  PBREN_H                     
00000228  PBDS                        
00000228  PBDS_L                      
00000229  PBDS_H                      
0000022a  PBSEL                       
0000022a  PBSEL_L                     
0000022b  PBSEL_H                     
00000240  PCIN                        
00000240  PCIN_L                      
00000241  PCIN_H                      
00000242  PCOUT                       
00000242  PCOUT_L                     
00000243  PCOUT_H                     
00000244  PCDIR                       
00000244  PCDIR_L                     
00000245  PCDIR_H                     
00000246  PCREN                       
00000246  PCREN_L                     
00000247  PCREN_H                     
00000248  PCDS                        
00000248  PCDS_L                      
00000249  PCDS_H                      
0000024a  PCSEL                       
0000024a  PCSEL_L                     
0000024b  PCSEL_H                     
00000260  PDIN                        
00000260  PDIN_L                      
00000261  PDIN_H                      
00000262  PDOUT                       
00000262  PDOUT_L                     
00000263  PDOUT_H                     
00000264  PDDIR                       
00000264  PDDIR_L                     
00000265  PDDIR_H                     
00000266  PDREN                       
00000266  PDREN_L                     
00000267  PDREN_H                     
00000268  PDDS                        
00000268  PDDS_L                      
00000269  PDDS_H                      
0000026a  PDSEL                       
0000026a  PDSEL_L                     
0000026b  PDSEL_H                     
00000320  PJIN                        
00000320  PJIN_L                      
00000321  PJIN_H                      
00000322  PJOUT                       
00000322  PJOUT_L                     
00000323  PJOUT_H                     
00000324  PJDIR                       
00000324  PJDIR_L                     
00000325  PJDIR_H                     
00000326  PJREN                       
00000326  PJREN_L                     
00000327  PJREN_H                     
00000328  PJDS                        
00000328  PJDS_L                      
00000329  PJDS_H                      
00000340  TA0CTL                      
00000342  TA0CCTL0                    
00000344  TA0CCTL1                    
00000346  TA0CCTL2                    
00000348  TA0CCTL3                    
0000034a  TA0CCTL4                    
00000350  TA0R                        
00000352  TA0CCR0                     
00000354  TA0CCR1                     
00000356  TA0CCR2                     
00000358  TA0CCR3                     
0000035a  TA0CCR4                     
00000360  TA0EX0                      
0000036e  TA0IV                       
00000380  TA1CTL                      
00000382  TA1CCTL0                    
00000384  TA1CCTL1                    
00000386  TA1CCTL2                    
00000390  TA1R                        
00000392  TA1CCR0                     
00000394  TA1CCR1                     
00000396  TA1CCR2                     
000003a0  TA1EX0                      
000003ae  TA1IV                       
000003c0  TB0CTL                      
000003c2  TB0CCTL0                    
000003c4  TB0CCTL1                    
000003c6  TB0CCTL2                    
000003c8  TB0CCTL3                    
000003ca  TB0CCTL4                    
000003cc  TB0CCTL5                    
000003ce  TB0CCTL6                    
000003d0  TB0R                        
000003d2  TB0CCR0                     
000003d4  TB0CCR1                     
000003d6  TB0CCR2                     
000003d8  TB0CCR3                     
000003da  TB0CCR4                     
000003dc  TB0CCR5                     
000003de  TB0CCR6                     
000003e0  TB0EX0                      
000003ee  TB0IV                       
00000400  TA2CTL                      
00000402  TA2CCTL0                    
00000404  TA2CCTL1                    
00000406  TA2CCTL2                    
00000410  TA2R                        
00000412  TA2CCR0                     
00000414  TA2CCR1                     
00000416  TA2CCR2                     
00000420  TA2EX0                      
0000042e  TA2IV                       
000004a0  RTCCTL01                    
000004a0  RTCCTL01_L                  
000004a1  RTCCTL01_H                  
000004a2  RTCCTL23                    
000004a2  RTCCTL23_L                  
000004a3  RTCCTL23_H                  
000004a8  RTCPS0CTL                   
000004a8  RTCPS0CTL_L                 
000004a9  RTCPS0CTL_H                 
000004aa  RTCPS1CTL                   
000004aa  RTCPS1CTL_L                 
000004ab  RTCPS1CTL_H                 
000004ac  RTCPS                       
000004ac  RTCPS_L                     
000004ad  RTCPS_H                     
000004ae  RTCIV                       
000004b0  RTCTIM0                     
000004b0  RTCTIM0_L                   
000004b1  RTCTIM0_H                   
000004b2  RTCTIM1                     
000004b2  RTCTIM1_L                   
000004b3  RTCTIM1_H                   
000004b4  RTCDATE                     
000004b4  RTCDATE_L                   
000004b5  RTCDATE_H                   
000004b6  RTCYEAR                     
000004b6  RTCYEAR_L                   
000004b7  RTCYEAR_H                   
000004b8  RTCAMINHR                   
[...]
00000613  UCA1IRCTL_H                 
0000061c  UCA1ICTL                    
0000061c  UCA1ICTL_L                  
0000061d  UCA1ICTL_H                  
0000061e  UCA1IV                      
00000620  UCB1CTLW0                   
00000620  UCB1CTLW0_L                 
00000621  UCB1CTLW0_H                 
00000626  UCB1BRW                     
00000626  UCB1BRW_L                   
00000627  UCB1BRW_H                   
0000062a  UCB1STAT                    
0000062c  UCB1RXBUF                   
0000062e  UCB1TXBUF                   
00000630  UCB1I2COA                   
00000630  UCB1I2COA_L                 
00000631  UCB1I2COA_H                 
00000632  UCB1I2CSA                   
00000632  UCB1I2CSA_L                 
00000633  UCB1I2CSA_H                 
0000063c  UCB1ICTL                    
0000063c  UCB1ICTL_L                  
0000063d  UCB1ICTL_H                  
0000063e  UCB1IV                      
00000700  ADC12CTL0                   
00000700  ADC12CTL0_L                 
00000701  ADC12CTL0_H                 
00000702  ADC12CTL1                   
00000702  ADC12CTL1_L                 
00000703  ADC12CTL1_H                 
00000704  ADC12CTL2                   
00000704  ADC12CTL2_L                 
00000705  ADC12CTL2_H                 
0000070a  ADC12IFG                    
0000070a  ADC12IFG_L                  
0000070b  ADC12IFG_H                  
0000070c  ADC12IE                     
0000070c  ADC12IE_L                   
0000070d  ADC12IE_H                   
0000070e  ADC12IV                     
0000070e  ADC12IV_L                   
0000070f  ADC12IV_H                   
00000710  ADC12MCTL0                  
00000711  ADC12MCTL1                  
00000712  ADC12MCTL2                  
00000713  ADC12MCTL3                  
00000714  ADC12MCTL4                  
00000715  ADC12MCTL5                  
00000716  ADC12MCTL6                  
00000717  ADC12MCTL7                  
00000718  ADC12MCTL8                  
00000719  ADC12MCTL9                  
0000071a  ADC12MCTL10                 
0000071b  ADC12MCTL11                 
0000071c  ADC12MCTL12                 
0000071d  ADC12MCTL13                 
0000071e  ADC12MCTL14                 
0000071f  ADC12MCTL15                 
00000720  ADC12MEM0                   
00000720  ADC12MEM0_L                 
00000721  ADC12MEM0_H                 
00000722  ADC12MEM1                   
00000722  ADC12MEM1_L                 
00000723  ADC12MEM1_H                 
00000724  ADC12MEM2                   
00000724  ADC12MEM2_L                 
00000725  ADC12MEM2_H                 
00000726  ADC12MEM3                   
00000726  ADC12MEM3_L                 
00000727  ADC12MEM3_H                 
00000728  ADC12MEM4                   
00000728  ADC12MEM4_L                 
00000729  ADC12MEM4_H                 
0000072a  ADC12MEM5                   
0000072a  ADC12MEM5_L                 
0000072b  ADC12MEM5_H                 
0000072c  ADC12MEM6                   
0000072c  ADC12MEM6_L                 
0000072d  ADC12MEM6_H                 
0000072e  ADC12MEM7                   
0000072e  ADC12MEM7_L                 
0000072f  ADC12MEM7_H                 
00000730  ADC12MEM8                   
00000730  ADC12MEM8_L                 
00000731  ADC12MEM8_H                 
00000732  ADC12MEM9                   
00000732  ADC12MEM9_L                 
00000733  ADC12MEM9_H                 
00000734  ADC12MEM10                  
00000734  ADC12MEM10_L                
00000735  ADC12MEM10_H                
00000736  ADC12MEM11                  
00000736  ADC12MEM11_L                
00000737  ADC12MEM11_H                
00000738  ADC12MEM12                  
00000738  ADC12MEM12_L                
00000739  ADC12MEM12_H                
0000073a  ADC12MEM13                  
0000073a  ADC12MEM13_L                
0000073b  ADC12MEM13_H                
0000073c  ADC12MEM14                  
0000073c  ADC12MEM14_L                
0000073d  ADC12MEM14_H                
0000073e  ADC12MEM15                  
0000073e  ADC12MEM15_L                
0000073f  ADC12MEM15_H                
000008c0  CBCTL0                      
000008c0  CBCTL0_L                    
000008c1  CBCTL0_H                    
000008c2  CBCTL1                      
000008c2  CBCTL1_L                    
000008c3  CBCTL1_H                    
000008c4  CBCTL2                      
000008c4  CBCTL2_L                    
000008c5  CBCTL2_H                    
000008c6  CBCTL3                      
000008c6  CBCTL3_L                    
000008c7  CBCTL3_H                    
000008cc  CBINT                       
000008cc  CBINT_L                     
000008cd  CBINT_H                     
000008ce  CBIV                        
00000900  USBKEYID                    
00000900  USBKEYID_L                  
00000901  USBKEYID_H                  
00000902  USBCNF                      
00000902  USBCNF_L                    
00000903  USBCNF_H                    
00000904  USBPHYCTL                   
00000904  USBPHYCTL_L                 
00000905  USBPHYCTL_H                 
00000908  USBPWRCTL                   
00000908  USBPWRCTL_L                 
00000909  USBPWRCTL_H                 
00000910  USBPLLCTL                   
00000910  USBPLLCTL_L                 
00000911  USBPLLCTL_H                 
00000912  USBPLLDIVB                  
00000912  USBPLLDIVB_L                
00000913  USBPLLDIVB_H                
00000914  USBPLLIR                    
00000914  USBPLLIR_L                  
00000915  USBPLLIR_H                  
00000920  USBIEPCNF_0                 
00000921  USBIEPCNT_0                 
00000922  USBOEPCNF_0                 
00000923  USBOEPCNT_0                 
0000092e  USBIEPIE                    
0000092f  USBOEPIE                    
00000930  USBIEPIFG                   
00000931  USBOEPIFG                   
00000932  USBVECINT                   
00000932  USBVECINT_L                 
00000933  USBVECINT_H                 
00000936  USBMAINT                    
00000936  USBMAINT_L                  
00000937  USBMAINT_H                  
00000938  USBTSREG                    
00000938  USBTSREG_L                  
00000939  USBTSREG_H                  
0000093a  USBFN                       
0000093a  USBFN_L                     
0000093b  USBFN_H                     
0000093c  USBCTL                      
0000093d  USBIE                       
0000093e  USBIFG                      
0000093f  USBFUNADR                   
00001c00  USBSTABUFF                  
0000236f  USBTOPBUFF                  
00002370  USBOEP0BUF                  
00002378  USBIEP0BUF                  
00002380  USBSUBLK                    
00002388  USBOEPCNF_1                 
00002389  USBOEPBBAX_1                
0000238a  USBOEPBCTX_1                
0000238d  USBOEPBBAY_1                
0000238e  USBOEPBCTY_1                
0000238f  USBOEPSIZXY_1               
00002390  USBOEPCNF_2                 
00002391  USBOEPBBAX_2                
00002392  USBOEPBCTX_2                
00002395  USBOEPBBAY_2                
00002396  USBOEPBCTY_2                
00002397  USBOEPSIZXY_2               
00002398  USBOEPCNF_3                 
00002399  USBOEPBBAX_3                
0000239a  USBOEPBCTX_3                
0000239d  USBOEPBBAY_3                
0000239e  USBOEPBCTY_3                
0000239f  USBOEPSIZXY_3               
000023a0  USBOEPCNF_4                 
000023a1  USBOEPBBAX_4                
000023a2  USBOEPBCTX_4                
000023a5  USBOEPBBAY_4                
000023a6  USBOEPBCTY_4                
000023a7  USBOEPSIZXY_4               
000023a8  USBOEPCNF_5                 
000023a9  USBOEPBBAX_5                
000023aa  USBOEPBCTX_5                
000023ad  USBOEPBBAY_5                
000023ae  USBOEPBCTY_5                
000023af  USBOEPSIZXY_5               
000023b0  USBOEPCNF_6                 
000023b1  USBOEPBBAX_6                
000023b2  USBOEPBCTX_6                
000023b5  USBOEPBBAY_6                
000023b6  USBOEPBCTY_6                
000023b7  USBOEPSIZXY_6               
000023b8  USBOEPCNF_7                 
000023b9  USBOEPBBAX_7                
000023ba  USBOEPBCTX_7                
000023bd  USBOEPBBAY_7                
000023be  USBOEPBCTY_7                
000023bf  USBOEPSIZXY_7               
000023c8  USBIEPCNF_1                 
000023c9  USBIEPBBAX_1                
000023ca  USBIEPBCTX_1                
000023cd  USBIEPBBAY_1                
000023ce  USBIEPBCTY_1                
000023cf  USBIEPSIZXY_1               
000023d0  USBIEPCNF_2                 
000023d1  USBIEPBBAX_2                
000023d2  USBIEPBCTX_2                
000023d5  USBIEPBBAY_2                
000023d6  USBIEPBCTY_2                
000023d7  USBIEPSIZXY_2               
000023d8  USBIEPCNF_3                 
000023d9  USBIEPBBAX_3                
000023da  USBIEPBCTX_3                
000023dd  USBIEPBBAY_3                
000023de  USBIEPBCTY_3                
000023df  USBIEPSIZXY_3               
000023e0  USBIEPCNF_4                 
000023e1  USBIEPBBAX_4                
000023e2  USBIEPBCTX_4                
000023e5  USBIEPBBAY_4                
000023e6  USBIEPBCTY_4                
000023e7  USBIEPSIZXY_4               
000023e8  USBIEPCNF_5                 
000023e9  USBIEPBBAX_5                
000023ea  USBIEPBCTX_5                
000023ed  USBIEPBBAY_5                
000023ee  USBIEPBCTY_5                
000023ef  USBIEPSIZXY_5               
000023f0  USBIEPCNF_6                 
000023f1  USBIEPBBAX_6                
000023f2  USBIEPBCTX_6                
000023f5  USBIEPBBAY_6                
000023f6  USBIEPBCTY_6                
000023f7  USBIEPSIZXY_6               
000023f8  USBIEPCNF_7                 
000023f9  USBIEPBBAX_7                
000023fa  USBIEPBCTX_7                
000023fd  USBIEPBBAY_7                
000023fe  USBIEPBCTY_7                
000023ff  USBIEPSIZXY_7               
00002400  mag1_1000                   
00002bd0  mag2_1000                   
000033a0  z_acclmtr                   
00003b70  mag_rcnt_1                  
00003c38  mag_rcnt_2                  
00003d00  buf_r                       
00003d0e  buf_s                       
00003d1c  RXData_s1                   
00003d22  RXData_s2                   
00003d28  addr_rx                     
00003d2e  addr_tx                     
00003d34  PRXData_s1                  
00003d38  PRXData_s2                  
00003d3c  Pacclmtr_data               
00003d40  dist_betwn_snsrs            
00003d44  length                      
00003d48  length_th                   
00003d4c  sampling_rate               
00003d50  speed                       
00003d54  speed1                      
00003d58  speed_th                    
00003d5c  xcorr_result                
00003d60  acclmtr_data                
00003d62  count1                      
00003d64  count11                     
00003d66  count12                     
00003d68  count2                      
00003d6a  count3                      
00003d6c  count4                      
00003d6e  count8                      
00003d70  count9                      
00003d72  distance                    
00003d74  i                           
00003d76  ice_present_flag            
00003d78  ii                          
00003d7a  lag                         
00003d7c  length_int                  
00003d7e  mag1                        
00003d80  mag2                        
00003d82  mag_th_1                    
00003d84  mag_th_2                    
00003d86  sensor_select               
00003d88  size                        
00003d8a  speed_int                   
00003d8c  store_1000_flag             
00003d8e  temp_id                     
00003d90  user                        
00003d92  x1                          
00003d94  x2                          
00003d96  y1                          
00003d98  y2                          
00003d9a  z1                          
00003d9c  z2                          
00003d9e  UART_byte                   
00003d9f  UART_sensor_flag            
00003da0  acclmtr_config_flag         
00003da1  i_acclmtr                   
00003da2  j                           
00003da3  mag2_dtct_flag              
00003da4  rcvd_msg_flag               
00003da5  rf_addr_width               
00003da6  rf_channel                  
00003da7  rf_crc                      
00003da8  rf_feature                  
00003da9  rf_irq                      
00003daa  rf_speed_power              
00003dab  rf_status                   
00003dac  temp                        
00003db0  peak                        
00003db2  index                       
00003db4  indexx                      
00003db6  sender_add                  
00003db7  road_no                     
00003db8  errno                       
00004360  _stack                      
00004400  USCI_A1_ISR                 
00004400  __STACK_END                 
000044bc  USCI_B0_ISR                 
00004538  ADC12ISR                    
00004582  USCI_B1_ISR                 
000045be  Port_1                      
000045e4  _c_int00_noargs_noexit      
000045fe  P2_IRQ                      
00004616  __TI_ISR_TRAP               
0000461e  __TI_Handler_Table_Base     
0000462a  __TI_Handler_Table_Limit    
0000463c  __TI_CINIT_Base             
0000464c  __TI_CINIT_Limit            
0000ffd2  __TI_int41                  
0000ffd4  __TI_int42                  
0000ffd6  __TI_int43                  
0000ffd8  __TI_int44                  
0000ffda  __TI_int45                  
0000ffdc  __TI_int46                  
0000ffde  __TI_int47                  
0000ffe0  __TI_int48                  
0000ffe2  __TI_int49                  
0000ffe4  __TI_int50                  
0000ffe6  __TI_int51                  
0000ffe8  __TI_int52                  
0000ffea  __TI_int53                  
0000ffec  __TI_int54                  
0000ffee  __TI_int55                  
0000fff0  __TI_int56                  
0000fff2  __TI_int57                  
0000fff4  __TI_int58                  
0000fff6  __TI_int59                  
0000fff8  __TI_int60                  
0000fffa  __TI_int61                  
0000fffc  __TI_int62                  
0000fffe  _reset_vector               
00010000  main                        
00010794  __TI_frcdivd                
00010c0c  sqrt                        
00010c0c  sqrtl                       
00010ef4  __mspabi_addd               
000111cc  __TI_frcmpyd                
00011452  __mspabi_mpyd               
000116d4  __TI_frcaddd                
00011926  __mspabi_divd               
00011b48  spi_com1                    
00011c0a  spi_com2                    
00011ccc  __mspabi_mpyf               
00011d84  __TI_renormd                
00011e36  __mspabi_fltlid             
00011ed4  msprf24_init                
00011f6a  __mspabi_divf               
00011ffa  __mspabi_cvtdf              
00012086  radio_setup                 
0001210e  _auto_init_hold_wdt         
00012190  __mspabi_fltuld             
00012210  r_rx_payload                
0001228a  __TI_decompress_lzss        
00012300  acclmtr_config              
00012374  __mspabi_cvtfd              
000123e2  __mspabi_fixdul             
0001244a  msprf24_set_pipe_packetsize 
000124b2  w_tx_payload                
0001251a  __mspabi_fixdli             
00012580  copy_in                     
000125e4  msprf24_set_retransmit_delay
00012644  w_rx_addr                   
000126a2  msprf24_current_state       
000126fc  msprf24_open_pipe           
00012752  msprf24_irq_clear           
000127a2  __mspabi_cmpf               
000127ec  __mspabi_fixfu              
00012832  rcv_msg                     
00012874  send_msg                    
000128b6  spi_com_acclmtr             
000128f8  __mspabi_sral_15            
000128fc  __mspabi_sral_14            
00012900  __mspabi_sral_13            
00012904  __mspabi_sral_12            
00012908  __mspabi_sral_11            
0001290c  __mspabi_sral_10            
00012910  __mspabi_sral_9             
00012914  __mspabi_sral_8             
00012918  __mspabi_sral_7             
0001291c  __mspabi_sral_6             
00012920  __mspabi_sral_5             
00012924  __mspabi_sral_4             
00012928  __mspabi_sral_3             
0001292c  __mspabi_sral_2             
00012930  __mspabi_sral_1             
00012936  __mspabi_slll_15            
0001293a  __mspabi_slll_14            
0001293e  __mspabi_slll_13            
00012942  __mspabi_slll_12            
00012946  __mspabi_slll_11            
0001294a  __mspabi_slll_10            
0001294e  __mspabi_slll_9             
00012952  __mspabi_slll_8             
00012956  __mspabi_slll_7             
0001295a  __mspabi_slll_6             
0001295e  __mspabi_slll_5             
00012962  __mspabi_slll_4             
00012966  __mspabi_slll_3             
0001296a  __mspabi_slll_2             
0001296e  __mspabi_slll_1             
00012974  __mspabi_srll_15            
00012978  __mspabi_srll_14            
0001297c  __mspabi_srll_13            
00012980  __mspabi_srll_12            
00012984  __mspabi_srll_11            
00012988  __mspabi_srll_10            
0001298c  __mspabi_srll_9             
00012990  __mspabi_srll_8             
00012994  __mspabi_srll_7             
00012998  __mspabi_srll_6             
0001299c  __mspabi_srll_5             
000129a0  __mspabi_srll_4             
000129a4  __mspabi_srll_3             
000129a8  __mspabi_srll_2             
000129ac  __mspabi_srll_1             
000129b2  spi_setup                   
000129ec  spi_transfer16              
00012a26  w_tx_addr                   
00012a60  __mspabi_fltif              
00012a96  msprf24_get_irq_reason      
00012ac4  msprf24_set_speed_power     
00012af2  msprf24_standby             
00012b1e  __mspabi_divi               
00012b1e  __mspabi_remi               
00012b4a  spi_init                    
00012b74  __mspabi_fixdi              
00012b9c  msprf24_set_config          
00012bc4  msprf24_rx_pending          
00012bea  r_reg                       
00012c10  w_reg                       
00012c36  clock_setup                 
00012c5a  __TI_zero_init              
00012c7e  msprf24_set_address_width   
00012ca2  __mspabi_mpyl_f5hw          
00012cc6  spi_setup_acclmtr           
00012cea  msprf24_activate_rx         
00012d0c  msprf24_enable_feature      
00012d2e  msprf24_set_retransmit_count
00012d50  UART_setup                  
00012d70  msprf24_set_channel         
00012d8e  msprf24_close_pipe_all      
00012daa  msprf24_is_alive            
00012dc6  ADC_setup                   
00012de0  msprf24_powerdown           
00012df8  pulse_ce                    
00012e10  __mspabi_mpyi_f5hw          
00012e28  flush_rx                    
00012e3e  flush_tx                    
00012e54  msprf24_activate_tx         
00012e6a  __mspabi_divu               
00012e6a  __mspabi_remu               
00012e80  memcpy                      
00012e94  __mspabi_fixdu              
00012ea6  activate_rx_mode            
00012eb8  __TI_decompress_none        
00012eca  __mspabi_sral               
00012eda  __mspabi_slll               
00012eea  __mspabi_srll               
00012efa  spi_transfer                
00012f0a  msprf24_get_last_retransmits
00012f18  __mspabi_fltid              
00012f24  msprf24_queue_state         
00012f2e  __mspabi_slli               
00012f38  __mspabi_fltud              
00012f3e  C$$EXIT                     
00012f3e  abort                       
00012f44  _system_pre_init            
00012f48  _system_post_cinit          
ffffffff  __TI_pprof_out_hndl         
ffffffff  __TI_prof_data_size         
ffffffff  __TI_prof_data_start        
ffffffff  __c_args__                  
UNDEFED   __TI_BINIT_Base             
UNDEFED   __TI_BINIT_Limit            
UNDEFED   __TI_INITARRAY_Base         
UNDEFED   __TI_INITARRAY_Limit        

[1005 symbols]
